2024-12-04 16:31:08 [   DEBUG] format 'I launch {appURL}' -> 'I launch (?P<appURL>.+?)' (parse.py:436)
2024-12-04 16:31:08 [   DEBUG] Adding providers for fixture 'pytestbdd_stepimpl_given_I open the Chrome browser': [<FixtureDef argname='pytestbdd_stepdef_given_I open the Chrome browser' scope='function' baseid='tests/step_defs/test_mcd_sanity_validations.py'>] (scenario.py:94)
2024-12-04 16:31:08 [    INFO] ====== WebDriver manager ====== (logger.py:11)
2024-12-04 16:31:09 [    INFO] Get LATEST chromedriver version for google-chrome (logger.py:11)
2024-12-04 16:31:09 [   DEBUG] Starting new HTTPS connection (1): googlechromelabs.github.io:443 (connectionpool.py:1021)
2024-12-04 16:31:09 [   DEBUG] https://googlechromelabs.github.io:443 "GET /chrome-for-testing/latest-patch-versions-per-build.json HTTP/1.1" 200 8541 (connectionpool.py:474)
2024-12-04 16:31:09 [    INFO] Get LATEST chromedriver version for google-chrome (logger.py:11)
2024-12-04 16:31:09 [   DEBUG] Starting new HTTPS connection (1): googlechromelabs.github.io:443 (connectionpool.py:1021)
2024-12-04 16:31:09 [   DEBUG] https://googlechromelabs.github.io:443 "GET /chrome-for-testing/latest-patch-versions-per-build.json HTTP/1.1" 200 8541 (connectionpool.py:474)
2024-12-04 16:31:09 [    INFO] Driver [C:\Users\Veena\.wdm\drivers\chromedriver\win64\131.0.6778.87\chromedriver-win32/chromedriver.exe] found in cache (logger.py:11)
2024-12-04 16:31:09 [   DEBUG] Skipping Selenium Manager; path to chrome driver specified in Service class: C:\Users\Veena\.wdm\drivers\chromedriver\win64\131.0.6778.87\chromedriver-win32/chromedriver.exe (driver_finder.py:60)
2024-12-04 16:31:09 [   DEBUG] Started executable: `C:\Users\Veena\.wdm\drivers\chromedriver\win64\131.0.6778.87\chromedriver-win32/chromedriver.exe` in a child process with pid: 18100 using 0 to output -3 (service.py:222)
2024-12-04 16:31:10 [   DEBUG] POST http://localhost:51433/session {'capabilities': {'firstMatch': [{}], 'alwaysMatch': {'browserName': 'chrome', 'pageLoadStrategy': <PageLoadStrategy.normal: 'normal'>, 'goog:chromeOptions': {'excludeSwitches': ['enable-automation'], 'useAutomationExtension': False, 'extensions': [], 'args': ['--no-sandbox', '--disable-dev-shm-usage', '--disable-gpu', '--window-size=1920,1080', '--ignore-certificate-errors', '--disable-web-security', '--allow-insecure-localhost', '--disable-blink-features=AutomationControlled', 'user-agent=Mozilla/5.0 (Macintosh; Intel Mac OS X 10_15_7) AppleWebKit/537.36 (KHTML, like Gecko) Chrome/114.0.5735.110 Safari/537.36']}}}} (remote_connection.py:305)
2024-12-04 16:31:10 [   DEBUG] Starting new HTTP connection (1): localhost:51433 (connectionpool.py:246)
2024-12-04 16:31:11 [   DEBUG] http://localhost:51433 "POST /session HTTP/1.1" 200 882 (connectionpool.py:474)
2024-12-04 16:31:11 [   DEBUG] Remote response: status=200 | data={"value":{"capabilities":{"acceptInsecureCerts":false,"browserName":"chrome","browserVersion":"131.0.6778.86","chrome":{"chromedriverVersion":"131.0.6778.87 (ce31cae9487357cfd3bd62984ed5250121a71a23-refs/branch-heads/6778@{#2287})","userDataDir":"C:\\Users\\Veena\\AppData\\Local\\Temp\\scoped_dir18100_1439747376"},"fedcm:accounts":true,"goog:chromeOptions":{"debuggerAddress":"localhost:51436"},"networkConnectionEnabled":false,"pageLoadStrategy":"normal","platformName":"windows","proxy":{},"setWindowRect":true,"strictFileInteractability":false,"timeouts":{"implicit":0,"pageLoad":300000,"script":30000},"unhandledPromptBehavior":"dismiss and notify","webauthn:extension:credBlob":true,"webauthn:extension:largeBlob":true,"webauthn:extension:minPinLength":true,"webauthn:extension:prf":true,"webauthn:virtualAuthenticators":true},"sessionId":"53e12af809fffa9500b21ae2be04f432"}} | headers=HTTPHeaderDict({'Content-Length': '882', 'Content-Type': 'application/json; charset=utf-8', 'cache-control': 'no-cache'}) (remote_connection.py:334)
2024-12-04 16:31:11 [   DEBUG] Finished Request (remote_connection.py:361)
2024-12-04 16:31:11 [   DEBUG] Adding providers for fixture 'pytestbdd_stepimpl_when_I hit the URL': [<FixtureDef argname='pytestbdd_stepdef_when_I hit the URL' scope='function' baseid='tests/step_defs/test_mcd_sanity_validations.py'>] (scenario.py:94)
2024-12-04 16:31:11 [   DEBUG] POST http://localhost:51433/session/53e12af809fffa9500b21ae2be04f432/url {'url': 'https://www.uat.mcdapp.co'} (remote_connection.py:305)
2024-12-04 16:31:14 [   DEBUG] http://localhost:51433 "POST /session/53e12af809fffa9500b21ae2be04f432/url HTTP/1.1" 200 14 (connectionpool.py:474)
2024-12-04 16:31:14 [   DEBUG] Remote response: status=200 | data={"value":null} | headers=HTTPHeaderDict({'Content-Length': '14', 'Content-Type': 'application/json; charset=utf-8', 'cache-control': 'no-cache'}) (remote_connection.py:334)
2024-12-04 16:31:14 [   DEBUG] Finished Request (remote_connection.py:361)
2024-12-04 16:31:14 [   DEBUG] POST http://localhost:51433/session/53e12af809fffa9500b21ae2be04f432/execute/sync {'script': 'return document.readyState', 'args': []} (remote_connection.py:305)
2024-12-04 16:31:14 [   DEBUG] http://localhost:51433 "POST /session/53e12af809fffa9500b21ae2be04f432/execute/sync HTTP/1.1" 200 20 (connectionpool.py:474)
2024-12-04 16:31:14 [   DEBUG] Remote response: status=200 | data={"value":"complete"} | headers=HTTPHeaderDict({'Content-Length': '20', 'Content-Type': 'application/json; charset=utf-8', 'cache-control': 'no-cache'}) (remote_connection.py:334)
2024-12-04 16:31:14 [   DEBUG] Finished Request (remote_connection.py:361)
2024-12-04 16:31:14 [   DEBUG] Adding providers for fixture 'pytestbdd_stepimpl_then_I verify website opened successfully': [<FixtureDef argname='pytestbdd_stepdef_then_I verify website opened successfully' scope='function' baseid='tests/step_defs/test_mcd_sanity_validations.py'>] (scenario.py:94)
2024-12-04 16:31:19 [   DEBUG] POST http://localhost:51433/session/53e12af809fffa9500b21ae2be04f432/element {'using': 'xpath', 'value': "//ion-header[@role='banner']"} (remote_connection.py:305)
2024-12-04 16:31:19 [   DEBUG] http://localhost:51433 "POST /session/53e12af809fffa9500b21ae2be04f432/element HTTP/1.1" 200 126 (connectionpool.py:474)
2024-12-04 16:31:19 [   DEBUG] Remote response: status=200 | data={"value":{"element-6066-11e4-a52e-4f735466cecf":"f.1E52D1D0BD7258153C7B543F1821D4AF.d.311D334E202B0C4253D9C22A5C9E14E5.e.63"}} | headers=HTTPHeaderDict({'Content-Length': '126', 'Content-Type': 'application/json; charset=utf-8', 'cache-control': 'no-cache'}) (remote_connection.py:334)
2024-12-04 16:31:19 [   DEBUG] Finished Request (remote_connection.py:361)
2024-12-04 16:31:19 [   DEBUG] POST http://localhost:51433/session/53e12af809fffa9500b21ae2be04f432/execute/sync {'script': '/* isDisplayed */return (function(){return (function(){var g=this||self;\nfunction aa(a){var b=typeof...', 'args': [{'element-6066-11e4-a52e-4f735466cecf': 'f.1E52D1D0BD7258153C7B543F1821D4AF.d.311D334E202B0C4253D9C22A5C9E14E5.e.63'}]} (remote_connection.py:305)
2024-12-04 16:31:19 [   DEBUG] http://localhost:51433 "POST /session/53e12af809fffa9500b21ae2be04f432/execute/sync HTTP/1.1" 200 14 (connectionpool.py:474)
2024-12-04 16:31:19 [   DEBUG] Remote response: status=200 | data={"value":true} | headers=HTTPHeaderDict({'Content-Length': '14', 'Content-Type': 'application/json; charset=utf-8', 'cache-control': 'no-cache'}) (remote_connection.py:334)
2024-12-04 16:31:19 [   DEBUG] Finished Request (remote_connection.py:361)
2024-12-04 16:31:19 [   DEBUG] POST http://localhost:51433/session/53e12af809fffa9500b21ae2be04f432/element {'using': 'xpath', 'value': "//ion-header[@role='banner']"} (remote_connection.py:305)
2024-12-04 16:31:19 [   DEBUG] http://localhost:51433 "POST /session/53e12af809fffa9500b21ae2be04f432/element HTTP/1.1" 200 126 (connectionpool.py:474)
2024-12-04 16:31:19 [   DEBUG] Remote response: status=200 | data={"value":{"element-6066-11e4-a52e-4f735466cecf":"f.1E52D1D0BD7258153C7B543F1821D4AF.d.311D334E202B0C4253D9C22A5C9E14E5.e.63"}} | headers=HTTPHeaderDict({'Content-Length': '126', 'Content-Type': 'application/json; charset=utf-8', 'cache-control': 'no-cache'}) (remote_connection.py:334)
2024-12-04 16:31:19 [   DEBUG] Finished Request (remote_connection.py:361)
2024-12-04 16:31:19 [   DEBUG] POST http://localhost:51433/session/53e12af809fffa9500b21ae2be04f432/execute/sync {'script': '/* isDisplayed */return (function(){return (function(){var g=this||self;\nfunction aa(a){var b=typeof...', 'args': [{'element-6066-11e4-a52e-4f735466cecf': 'f.1E52D1D0BD7258153C7B543F1821D4AF.d.311D334E202B0C4253D9C22A5C9E14E5.e.63'}]} (remote_connection.py:305)
2024-12-04 16:31:19 [   DEBUG] http://localhost:51433 "POST /session/53e12af809fffa9500b21ae2be04f432/execute/sync HTTP/1.1" 200 14 (connectionpool.py:474)
2024-12-04 16:31:19 [   DEBUG] Remote response: status=200 | data={"value":true} | headers=HTTPHeaderDict({'Content-Length': '14', 'Content-Type': 'application/json; charset=utf-8', 'cache-control': 'no-cache'}) (remote_connection.py:334)
2024-12-04 16:31:19 [   DEBUG] Finished Request (remote_connection.py:361)
2024-12-04 16:31:19 [   DEBUG] Adding providers for fixture 'pytestbdd_stepimpl_when_I click on view icon': [<FixtureDef argname='pytestbdd_stepdef_when_I click on view icon' scope='function' baseid='tests/step_defs/test_mcd_sanity_validations.py'>] (scenario.py:94)
2024-12-04 16:31:19 [   DEBUG] POST http://localhost:51433/session/53e12af809fffa9500b21ae2be04f432/element {'using': 'xpath', 'value': "//div[@title='View Profile']"} (remote_connection.py:305)
2024-12-04 16:31:19 [   DEBUG] http://localhost:51433 "POST /session/53e12af809fffa9500b21ae2be04f432/element HTTP/1.1" 200 126 (connectionpool.py:474)
2024-12-04 16:31:19 [   DEBUG] Remote response: status=200 | data={"value":{"element-6066-11e4-a52e-4f735466cecf":"f.1E52D1D0BD7258153C7B543F1821D4AF.d.311D334E202B0C4253D9C22A5C9E14E5.e.64"}} | headers=HTTPHeaderDict({'Content-Length': '126', 'Content-Type': 'application/json; charset=utf-8', 'cache-control': 'no-cache'}) (remote_connection.py:334)
2024-12-04 16:31:19 [   DEBUG] Finished Request (remote_connection.py:361)
2024-12-04 16:31:19 [   DEBUG] POST http://localhost:51433/session/53e12af809fffa9500b21ae2be04f432/execute/sync {'script': '/* isDisplayed */return (function(){return (function(){var g=this||self;\nfunction aa(a){var b=typeof...', 'args': [{'element-6066-11e4-a52e-4f735466cecf': 'f.1E52D1D0BD7258153C7B543F1821D4AF.d.311D334E202B0C4253D9C22A5C9E14E5.e.64'}]} (remote_connection.py:305)
2024-12-04 16:31:19 [   DEBUG] http://localhost:51433 "POST /session/53e12af809fffa9500b21ae2be04f432/execute/sync HTTP/1.1" 200 14 (connectionpool.py:474)
2024-12-04 16:31:19 [   DEBUG] Remote response: status=200 | data={"value":true} | headers=HTTPHeaderDict({'Content-Length': '14', 'Content-Type': 'application/json; charset=utf-8', 'cache-control': 'no-cache'}) (remote_connection.py:334)
2024-12-04 16:31:19 [   DEBUG] Finished Request (remote_connection.py:361)
2024-12-04 16:31:19 [   DEBUG] POST http://localhost:51433/session/53e12af809fffa9500b21ae2be04f432/element/f.1E52D1D0BD7258153C7B543F1821D4AF.d.311D334E202B0C4253D9C22A5C9E14E5.e.64/click {} (remote_connection.py:305)
2024-12-04 16:31:19 [   DEBUG] http://localhost:51433 "POST /session/53e12af809fffa9500b21ae2be04f432/element/f.1E52D1D0BD7258153C7B543F1821D4AF.d.311D334E202B0C4253D9C22A5C9E14E5.e.64/click HTTP/1.1" 200 14 (connectionpool.py:474)
2024-12-04 16:31:19 [   DEBUG] Remote response: status=200 | data={"value":null} | headers=HTTPHeaderDict({'Content-Length': '14', 'Content-Type': 'application/json; charset=utf-8', 'cache-control': 'no-cache'}) (remote_connection.py:334)
2024-12-04 16:31:19 [   DEBUG] Finished Request (remote_connection.py:361)
2024-12-04 16:31:19 [   DEBUG] Adding providers for fixture 'pytestbdd_stepimpl_then_I verify view page navigation': [<FixtureDef argname='pytestbdd_stepdef_then_I verify view page navigation' scope='function' baseid='tests/step_defs/test_mcd_sanity_validations.py'>] (scenario.py:94)
2024-12-04 16:31:24 [   DEBUG] POST http://localhost:51433/session/53e12af809fffa9500b21ae2be04f432/element {'using': 'xpath', 'value': "//div[@class='profile-page']"} (remote_connection.py:305)
2024-12-04 16:31:24 [   DEBUG] http://localhost:51433 "POST /session/53e12af809fffa9500b21ae2be04f432/element HTTP/1.1" 200 126 (connectionpool.py:474)
2024-12-04 16:31:24 [   DEBUG] Remote response: status=200 | data={"value":{"element-6066-11e4-a52e-4f735466cecf":"f.1E52D1D0BD7258153C7B543F1821D4AF.d.311D334E202B0C4253D9C22A5C9E14E5.e.87"}} | headers=HTTPHeaderDict({'Content-Length': '126', 'Content-Type': 'application/json; charset=utf-8', 'cache-control': 'no-cache'}) (remote_connection.py:334)
2024-12-04 16:31:24 [   DEBUG] Finished Request (remote_connection.py:361)
2024-12-04 16:31:24 [   DEBUG] POST http://localhost:51433/session/53e12af809fffa9500b21ae2be04f432/execute/sync {'script': '/* isDisplayed */return (function(){return (function(){var g=this||self;\nfunction aa(a){var b=typeof...', 'args': [{'element-6066-11e4-a52e-4f735466cecf': 'f.1E52D1D0BD7258153C7B543F1821D4AF.d.311D334E202B0C4253D9C22A5C9E14E5.e.87'}]} (remote_connection.py:305)
2024-12-04 16:31:24 [   DEBUG] http://localhost:51433 "POST /session/53e12af809fffa9500b21ae2be04f432/execute/sync HTTP/1.1" 200 14 (connectionpool.py:474)
2024-12-04 16:31:24 [   DEBUG] Remote response: status=200 | data={"value":true} | headers=HTTPHeaderDict({'Content-Length': '14', 'Content-Type': 'application/json; charset=utf-8', 'cache-control': 'no-cache'}) (remote_connection.py:334)
2024-12-04 16:31:24 [   DEBUG] Finished Request (remote_connection.py:361)
2024-12-04 16:31:24 [   DEBUG] POST http://localhost:51433/session/53e12af809fffa9500b21ae2be04f432/element {'using': 'xpath', 'value': "//div[@class='profile-page']"} (remote_connection.py:305)
2024-12-04 16:31:24 [   DEBUG] http://localhost:51433 "POST /session/53e12af809fffa9500b21ae2be04f432/element HTTP/1.1" 200 126 (connectionpool.py:474)
2024-12-04 16:31:24 [   DEBUG] Remote response: status=200 | data={"value":{"element-6066-11e4-a52e-4f735466cecf":"f.1E52D1D0BD7258153C7B543F1821D4AF.d.311D334E202B0C4253D9C22A5C9E14E5.e.87"}} | headers=HTTPHeaderDict({'Content-Length': '126', 'Content-Type': 'application/json; charset=utf-8', 'cache-control': 'no-cache'}) (remote_connection.py:334)
2024-12-04 16:31:24 [   DEBUG] Finished Request (remote_connection.py:361)
2024-12-04 16:31:24 [   DEBUG] POST http://localhost:51433/session/53e12af809fffa9500b21ae2be04f432/execute/sync {'script': '/* isDisplayed */return (function(){return (function(){var g=this||self;\nfunction aa(a){var b=typeof...', 'args': [{'element-6066-11e4-a52e-4f735466cecf': 'f.1E52D1D0BD7258153C7B543F1821D4AF.d.311D334E202B0C4253D9C22A5C9E14E5.e.87'}]} (remote_connection.py:305)
2024-12-04 16:31:24 [   DEBUG] http://localhost:51433 "POST /session/53e12af809fffa9500b21ae2be04f432/execute/sync HTTP/1.1" 200 14 (connectionpool.py:474)
2024-12-04 16:31:24 [   DEBUG] Remote response: status=200 | data={"value":true} | headers=HTTPHeaderDict({'Content-Length': '14', 'Content-Type': 'application/json; charset=utf-8', 'cache-control': 'no-cache'}) (remote_connection.py:334)
2024-12-04 16:31:24 [   DEBUG] Finished Request (remote_connection.py:361)
2024-12-04 16:31:24 [   DEBUG] Adding providers for fixture 'pytestbdd_stepimpl_when_I click on login or signup button': [<FixtureDef argname='pytestbdd_stepdef_when_I click on login or signup button' scope='function' baseid='tests/step_defs/test_mcd_sanity_validations.py'>] (scenario.py:94)
2024-12-04 16:31:24 [   DEBUG] POST http://localhost:51433/session/53e12af809fffa9500b21ae2be04f432/element {'using': 'xpath', 'value': "//h2[contains(text(), 'Login/Sign Up')]"} (remote_connection.py:305)
2024-12-04 16:31:24 [   DEBUG] http://localhost:51433 "POST /session/53e12af809fffa9500b21ae2be04f432/element HTTP/1.1" 200 126 (connectionpool.py:474)
2024-12-04 16:31:24 [   DEBUG] Remote response: status=200 | data={"value":{"element-6066-11e4-a52e-4f735466cecf":"f.1E52D1D0BD7258153C7B543F1821D4AF.d.311D334E202B0C4253D9C22A5C9E14E5.e.88"}} | headers=HTTPHeaderDict({'Content-Length': '126', 'Content-Type': 'application/json; charset=utf-8', 'cache-control': 'no-cache'}) (remote_connection.py:334)
2024-12-04 16:31:24 [   DEBUG] Finished Request (remote_connection.py:361)
2024-12-04 16:31:24 [   DEBUG] POST http://localhost:51433/session/53e12af809fffa9500b21ae2be04f432/execute/sync {'script': '/* isDisplayed */return (function(){return (function(){var g=this||self;\nfunction aa(a){var b=typeof...', 'args': [{'element-6066-11e4-a52e-4f735466cecf': 'f.1E52D1D0BD7258153C7B543F1821D4AF.d.311D334E202B0C4253D9C22A5C9E14E5.e.88'}]} (remote_connection.py:305)
2024-12-04 16:31:24 [   DEBUG] http://localhost:51433 "POST /session/53e12af809fffa9500b21ae2be04f432/execute/sync HTTP/1.1" 200 14 (connectionpool.py:474)
2024-12-04 16:31:24 [   DEBUG] Remote response: status=200 | data={"value":true} | headers=HTTPHeaderDict({'Content-Length': '14', 'Content-Type': 'application/json; charset=utf-8', 'cache-control': 'no-cache'}) (remote_connection.py:334)
2024-12-04 16:31:24 [   DEBUG] Finished Request (remote_connection.py:361)
2024-12-04 16:31:24 [   DEBUG] POST http://localhost:51433/session/53e12af809fffa9500b21ae2be04f432/element/f.1E52D1D0BD7258153C7B543F1821D4AF.d.311D334E202B0C4253D9C22A5C9E14E5.e.88/click {} (remote_connection.py:305)
2024-12-04 16:31:24 [   DEBUG] http://localhost:51433 "POST /session/53e12af809fffa9500b21ae2be04f432/element/f.1E52D1D0BD7258153C7B543F1821D4AF.d.311D334E202B0C4253D9C22A5C9E14E5.e.88/click HTTP/1.1" 200 14 (connectionpool.py:474)
2024-12-04 16:31:24 [   DEBUG] Remote response: status=200 | data={"value":null} | headers=HTTPHeaderDict({'Content-Length': '14', 'Content-Type': 'application/json; charset=utf-8', 'cache-control': 'no-cache'}) (remote_connection.py:334)
2024-12-04 16:31:24 [   DEBUG] Finished Request (remote_connection.py:361)
2024-12-04 16:31:24 [   DEBUG] Adding providers for fixture 'pytestbdd_stepimpl_then_I verify login page navigation': [<FixtureDef argname='pytestbdd_stepdef_then_I verify login page navigation' scope='function' baseid='tests/step_defs/test_mcd_sanity_validations.py'>] (scenario.py:94)
2024-12-04 16:31:29 [   DEBUG] POST http://localhost:51433/session/53e12af809fffa9500b21ae2be04f432/element {'using': 'xpath', 'value': "//h5[contains(@class, 'page__sub-heading') and contains(text(), 'Welcome to Mcdonalds')]"} (remote_connection.py:305)
2024-12-04 16:31:29 [   DEBUG] http://localhost:51433 "POST /session/53e12af809fffa9500b21ae2be04f432/element HTTP/1.1" 200 127 (connectionpool.py:474)
2024-12-04 16:31:29 [   DEBUG] Remote response: status=200 | data={"value":{"element-6066-11e4-a52e-4f735466cecf":"f.1E52D1D0BD7258153C7B543F1821D4AF.d.311D334E202B0C4253D9C22A5C9E14E5.e.107"}} | headers=HTTPHeaderDict({'Content-Length': '127', 'Content-Type': 'application/json; charset=utf-8', 'cache-control': 'no-cache'}) (remote_connection.py:334)
2024-12-04 16:31:29 [   DEBUG] Finished Request (remote_connection.py:361)
2024-12-04 16:31:29 [   DEBUG] POST http://localhost:51433/session/53e12af809fffa9500b21ae2be04f432/execute/sync {'script': '/* isDisplayed */return (function(){return (function(){var g=this||self;\nfunction aa(a){var b=typeof...', 'args': [{'element-6066-11e4-a52e-4f735466cecf': 'f.1E52D1D0BD7258153C7B543F1821D4AF.d.311D334E202B0C4253D9C22A5C9E14E5.e.107'}]} (remote_connection.py:305)
2024-12-04 16:31:29 [   DEBUG] http://localhost:51433 "POST /session/53e12af809fffa9500b21ae2be04f432/execute/sync HTTP/1.1" 200 14 (connectionpool.py:474)
2024-12-04 16:31:29 [   DEBUG] Remote response: status=200 | data={"value":true} | headers=HTTPHeaderDict({'Content-Length': '14', 'Content-Type': 'application/json; charset=utf-8', 'cache-control': 'no-cache'}) (remote_connection.py:334)
2024-12-04 16:31:29 [   DEBUG] Finished Request (remote_connection.py:361)
2024-12-04 16:31:29 [   DEBUG] POST http://localhost:51433/session/53e12af809fffa9500b21ae2be04f432/element {'using': 'xpath', 'value': "//h5[contains(@class, 'page__sub-heading') and contains(text(), 'Welcome to Mcdonalds')]"} (remote_connection.py:305)
2024-12-04 16:31:29 [   DEBUG] http://localhost:51433 "POST /session/53e12af809fffa9500b21ae2be04f432/element HTTP/1.1" 200 127 (connectionpool.py:474)
2024-12-04 16:31:29 [   DEBUG] Remote response: status=200 | data={"value":{"element-6066-11e4-a52e-4f735466cecf":"f.1E52D1D0BD7258153C7B543F1821D4AF.d.311D334E202B0C4253D9C22A5C9E14E5.e.107"}} | headers=HTTPHeaderDict({'Content-Length': '127', 'Content-Type': 'application/json; charset=utf-8', 'cache-control': 'no-cache'}) (remote_connection.py:334)
2024-12-04 16:31:29 [   DEBUG] Finished Request (remote_connection.py:361)
2024-12-04 16:31:29 [   DEBUG] POST http://localhost:51433/session/53e12af809fffa9500b21ae2be04f432/execute/sync {'script': '/* isDisplayed */return (function(){return (function(){var g=this||self;\nfunction aa(a){var b=typeof...', 'args': [{'element-6066-11e4-a52e-4f735466cecf': 'f.1E52D1D0BD7258153C7B543F1821D4AF.d.311D334E202B0C4253D9C22A5C9E14E5.e.107'}]} (remote_connection.py:305)
2024-12-04 16:31:29 [   DEBUG] http://localhost:51433 "POST /session/53e12af809fffa9500b21ae2be04f432/execute/sync HTTP/1.1" 200 14 (connectionpool.py:474)
2024-12-04 16:31:29 [   DEBUG] Remote response: status=200 | data={"value":true} | headers=HTTPHeaderDict({'Content-Length': '14', 'Content-Type': 'application/json; charset=utf-8', 'cache-control': 'no-cache'}) (remote_connection.py:334)
2024-12-04 16:31:29 [   DEBUG] Finished Request (remote_connection.py:361)
2024-12-04 16:31:29 [   DEBUG] Adding providers for fixture 'pytestbdd_stepimpl_when_I enter a valid mobile number and click verify': [<FixtureDef argname='pytestbdd_stepdef_when_I enter a valid mobile number and click verify' scope='function' baseid='tests/step_defs/test_mcd_sanity_validations.py'>] (scenario.py:94)
2024-12-04 16:31:29 [   DEBUG] POST http://localhost:51433/session/53e12af809fffa9500b21ae2be04f432/element {'using': 'xpath', 'value': "//label[contains(text(), 'Enter your mobile number')]"} (remote_connection.py:305)
2024-12-04 16:31:29 [   DEBUG] http://localhost:51433 "POST /session/53e12af809fffa9500b21ae2be04f432/element HTTP/1.1" 200 126 (connectionpool.py:474)
2024-12-04 16:31:29 [   DEBUG] Remote response: status=200 | data={"value":{"element-6066-11e4-a52e-4f735466cecf":"f.1E52D1D0BD7258153C7B543F1821D4AF.d.311D334E202B0C4253D9C22A5C9E14E5.e.99"}} | headers=HTTPHeaderDict({'Content-Length': '126', 'Content-Type': 'application/json; charset=utf-8', 'cache-control': 'no-cache'}) (remote_connection.py:334)
2024-12-04 16:31:29 [   DEBUG] Finished Request (remote_connection.py:361)
2024-12-04 16:31:29 [   DEBUG] POST http://localhost:51433/session/53e12af809fffa9500b21ae2be04f432/execute/sync {'script': '/* isDisplayed */return (function(){return (function(){var g=this||self;\nfunction aa(a){var b=typeof...', 'args': [{'element-6066-11e4-a52e-4f735466cecf': 'f.1E52D1D0BD7258153C7B543F1821D4AF.d.311D334E202B0C4253D9C22A5C9E14E5.e.99'}]} (remote_connection.py:305)
2024-12-04 16:31:29 [   DEBUG] http://localhost:51433 "POST /session/53e12af809fffa9500b21ae2be04f432/execute/sync HTTP/1.1" 200 14 (connectionpool.py:474)
2024-12-04 16:31:29 [   DEBUG] Remote response: status=200 | data={"value":true} | headers=HTTPHeaderDict({'Content-Length': '14', 'Content-Type': 'application/json; charset=utf-8', 'cache-control': 'no-cache'}) (remote_connection.py:334)
2024-12-04 16:31:29 [   DEBUG] Finished Request (remote_connection.py:361)
2024-12-04 16:31:29 [   DEBUG] POST http://localhost:51433/session/53e12af809fffa9500b21ae2be04f432/element {'using': 'xpath', 'value': "//label[contains(text(), 'Enter your mobile number')]"} (remote_connection.py:305)
2024-12-04 16:31:29 [   DEBUG] http://localhost:51433 "POST /session/53e12af809fffa9500b21ae2be04f432/element HTTP/1.1" 200 126 (connectionpool.py:474)
2024-12-04 16:31:29 [   DEBUG] Remote response: status=200 | data={"value":{"element-6066-11e4-a52e-4f735466cecf":"f.1E52D1D0BD7258153C7B543F1821D4AF.d.311D334E202B0C4253D9C22A5C9E14E5.e.99"}} | headers=HTTPHeaderDict({'Content-Length': '126', 'Content-Type': 'application/json; charset=utf-8', 'cache-control': 'no-cache'}) (remote_connection.py:334)
2024-12-04 16:31:29 [   DEBUG] Finished Request (remote_connection.py:361)
2024-12-04 16:31:29 [   DEBUG] POST http://localhost:51433/session/53e12af809fffa9500b21ae2be04f432/execute/sync {'script': '/* isDisplayed */return (function(){return (function(){var g=this||self;\nfunction aa(a){var b=typeof...', 'args': [{'element-6066-11e4-a52e-4f735466cecf': 'f.1E52D1D0BD7258153C7B543F1821D4AF.d.311D334E202B0C4253D9C22A5C9E14E5.e.99'}]} (remote_connection.py:305)
2024-12-04 16:31:29 [   DEBUG] http://localhost:51433 "POST /session/53e12af809fffa9500b21ae2be04f432/execute/sync HTTP/1.1" 200 14 (connectionpool.py:474)
2024-12-04 16:31:29 [   DEBUG] Remote response: status=200 | data={"value":true} | headers=HTTPHeaderDict({'Content-Length': '14', 'Content-Type': 'application/json; charset=utf-8', 'cache-control': 'no-cache'}) (remote_connection.py:334)
2024-12-04 16:31:29 [   DEBUG] Finished Request (remote_connection.py:361)
2024-12-04 16:31:29 [   DEBUG] POST http://localhost:51433/session/53e12af809fffa9500b21ae2be04f432/element {'using': 'xpath', 'value': "//input[@placeholder='10 Digit Mobile Number']"} (remote_connection.py:305)
2024-12-04 16:31:29 [   DEBUG] http://localhost:51433 "POST /session/53e12af809fffa9500b21ae2be04f432/element HTTP/1.1" 200 126 (connectionpool.py:474)
2024-12-04 16:31:29 [   DEBUG] Remote response: status=200 | data={"value":{"element-6066-11e4-a52e-4f735466cecf":"f.1E52D1D0BD7258153C7B543F1821D4AF.d.311D334E202B0C4253D9C22A5C9E14E5.e.97"}} | headers=HTTPHeaderDict({'Content-Length': '126', 'Content-Type': 'application/json; charset=utf-8', 'cache-control': 'no-cache'}) (remote_connection.py:334)
2024-12-04 16:31:29 [   DEBUG] Finished Request (remote_connection.py:361)
2024-12-04 16:31:29 [   DEBUG] POST http://localhost:51433/session/53e12af809fffa9500b21ae2be04f432/element/f.1E52D1D0BD7258153C7B543F1821D4AF.d.311D334E202B0C4253D9C22A5C9E14E5.e.97/clear {} (remote_connection.py:305)
2024-12-04 16:31:29 [   DEBUG] http://localhost:51433 "POST /session/53e12af809fffa9500b21ae2be04f432/element/f.1E52D1D0BD7258153C7B543F1821D4AF.d.311D334E202B0C4253D9C22A5C9E14E5.e.97/clear HTTP/1.1" 200 14 (connectionpool.py:474)
2024-12-04 16:31:29 [   DEBUG] Remote response: status=200 | data={"value":null} | headers=HTTPHeaderDict({'Content-Length': '14', 'Content-Type': 'application/json; charset=utf-8', 'cache-control': 'no-cache'}) (remote_connection.py:334)
2024-12-04 16:31:29 [   DEBUG] Finished Request (remote_connection.py:361)
2024-12-04 16:31:29 [   DEBUG] POST http://localhost:51433/session/53e12af809fffa9500b21ae2be04f432/element/f.1E52D1D0BD7258153C7B543F1821D4AF.d.311D334E202B0C4253D9C22A5C9E14E5.e.97/value {'text': '7777777777', 'value': ['7', '7', '7', '7', '7', '7', '7', '7', '7', '7']} (remote_connection.py:305)
2024-12-04 16:31:29 [   DEBUG] http://localhost:51433 "POST /session/53e12af809fffa9500b21ae2be04f432/element/f.1E52D1D0BD7258153C7B543F1821D4AF.d.311D334E202B0C4253D9C22A5C9E14E5.e.97/value HTTP/1.1" 200 14 (connectionpool.py:474)
2024-12-04 16:31:29 [   DEBUG] Remote response: status=200 | data={"value":null} | headers=HTTPHeaderDict({'Content-Length': '14', 'Content-Type': 'application/json; charset=utf-8', 'cache-control': 'no-cache'}) (remote_connection.py:334)
2024-12-04 16:31:29 [   DEBUG] Finished Request (remote_connection.py:361)
2024-12-04 16:31:29 [   DEBUG] POST http://localhost:51433/session/53e12af809fffa9500b21ae2be04f432/element {'using': 'xpath', 'value': "//button[contains(text(), 'Verify Mobile')]"} (remote_connection.py:305)
2024-12-04 16:31:29 [   DEBUG] http://localhost:51433 "POST /session/53e12af809fffa9500b21ae2be04f432/element HTTP/1.1" 200 127 (connectionpool.py:474)
2024-12-04 16:31:29 [   DEBUG] Remote response: status=200 | data={"value":{"element-6066-11e4-a52e-4f735466cecf":"f.1E52D1D0BD7258153C7B543F1821D4AF.d.311D334E202B0C4253D9C22A5C9E14E5.e.111"}} | headers=HTTPHeaderDict({'Content-Length': '127', 'Content-Type': 'application/json; charset=utf-8', 'cache-control': 'no-cache'}) (remote_connection.py:334)
2024-12-04 16:31:29 [   DEBUG] Finished Request (remote_connection.py:361)
2024-12-04 16:31:29 [   DEBUG] POST http://localhost:51433/session/53e12af809fffa9500b21ae2be04f432/execute/sync {'script': '/* isDisplayed */return (function(){return (function(){var g=this||self;\nfunction aa(a){var b=typeof...', 'args': [{'element-6066-11e4-a52e-4f735466cecf': 'f.1E52D1D0BD7258153C7B543F1821D4AF.d.311D334E202B0C4253D9C22A5C9E14E5.e.111'}]} (remote_connection.py:305)
2024-12-04 16:31:29 [   DEBUG] http://localhost:51433 "POST /session/53e12af809fffa9500b21ae2be04f432/execute/sync HTTP/1.1" 200 14 (connectionpool.py:474)
2024-12-04 16:31:29 [   DEBUG] Remote response: status=200 | data={"value":true} | headers=HTTPHeaderDict({'Content-Length': '14', 'Content-Type': 'application/json; charset=utf-8', 'cache-control': 'no-cache'}) (remote_connection.py:334)
2024-12-04 16:31:29 [   DEBUG] Finished Request (remote_connection.py:361)
2024-12-04 16:31:29 [   DEBUG] POST http://localhost:51433/session/53e12af809fffa9500b21ae2be04f432/element/f.1E52D1D0BD7258153C7B543F1821D4AF.d.311D334E202B0C4253D9C22A5C9E14E5.e.111/click {} (remote_connection.py:305)
2024-12-04 16:31:30 [   DEBUG] http://localhost:51433 "POST /session/53e12af809fffa9500b21ae2be04f432/element/f.1E52D1D0BD7258153C7B543F1821D4AF.d.311D334E202B0C4253D9C22A5C9E14E5.e.111/click HTTP/1.1" 200 14 (connectionpool.py:474)
2024-12-04 16:31:30 [   DEBUG] Remote response: status=200 | data={"value":null} | headers=HTTPHeaderDict({'Content-Length': '14', 'Content-Type': 'application/json; charset=utf-8', 'cache-control': 'no-cache'}) (remote_connection.py:334)
2024-12-04 16:31:30 [   DEBUG] Finished Request (remote_connection.py:361)
2024-12-04 16:31:35 [   DEBUG] Adding providers for fixture 'pytestbdd_stepimpl_when_I enter the OTP and click verify': [<FixtureDef argname='pytestbdd_stepdef_when_I enter the OTP and click verify' scope='function' baseid='tests/step_defs/test_mcd_sanity_validations.py'>] (scenario.py:94)
2024-12-04 16:31:35 [   DEBUG] POST http://localhost:51433/session/53e12af809fffa9500b21ae2be04f432/element {'using': 'xpath', 'value': "//h5[contains(text(), 'Enter OTP')]"} (remote_connection.py:305)
2024-12-04 16:31:35 [   DEBUG] http://localhost:51433 "POST /session/53e12af809fffa9500b21ae2be04f432/element HTTP/1.1" 200 127 (connectionpool.py:474)
2024-12-04 16:31:35 [   DEBUG] Remote response: status=200 | data={"value":{"element-6066-11e4-a52e-4f735466cecf":"f.1E52D1D0BD7258153C7B543F1821D4AF.d.311D334E202B0C4253D9C22A5C9E14E5.e.126"}} | headers=HTTPHeaderDict({'Content-Length': '127', 'Content-Type': 'application/json; charset=utf-8', 'cache-control': 'no-cache'}) (remote_connection.py:334)
2024-12-04 16:31:35 [   DEBUG] Finished Request (remote_connection.py:361)
2024-12-04 16:31:35 [   DEBUG] POST http://localhost:51433/session/53e12af809fffa9500b21ae2be04f432/execute/sync {'script': '/* isDisplayed */return (function(){return (function(){var g=this||self;\nfunction aa(a){var b=typeof...', 'args': [{'element-6066-11e4-a52e-4f735466cecf': 'f.1E52D1D0BD7258153C7B543F1821D4AF.d.311D334E202B0C4253D9C22A5C9E14E5.e.126'}]} (remote_connection.py:305)
2024-12-04 16:31:35 [   DEBUG] http://localhost:51433 "POST /session/53e12af809fffa9500b21ae2be04f432/execute/sync HTTP/1.1" 200 14 (connectionpool.py:474)
2024-12-04 16:31:35 [   DEBUG] Remote response: status=200 | data={"value":true} | headers=HTTPHeaderDict({'Content-Length': '14', 'Content-Type': 'application/json; charset=utf-8', 'cache-control': 'no-cache'}) (remote_connection.py:334)
2024-12-04 16:31:35 [   DEBUG] Finished Request (remote_connection.py:361)
2024-12-04 16:31:35 [   DEBUG] POST http://localhost:51433/session/53e12af809fffa9500b21ae2be04f432/element {'using': 'xpath', 'value': "//h5[contains(text(), 'Enter OTP')]"} (remote_connection.py:305)
2024-12-04 16:31:35 [   DEBUG] http://localhost:51433 "POST /session/53e12af809fffa9500b21ae2be04f432/element HTTP/1.1" 200 127 (connectionpool.py:474)
2024-12-04 16:31:35 [   DEBUG] Remote response: status=200 | data={"value":{"element-6066-11e4-a52e-4f735466cecf":"f.1E52D1D0BD7258153C7B543F1821D4AF.d.311D334E202B0C4253D9C22A5C9E14E5.e.126"}} | headers=HTTPHeaderDict({'Content-Length': '127', 'Content-Type': 'application/json; charset=utf-8', 'cache-control': 'no-cache'}) (remote_connection.py:334)
2024-12-04 16:31:35 [   DEBUG] Finished Request (remote_connection.py:361)
2024-12-04 16:31:35 [   DEBUG] POST http://localhost:51433/session/53e12af809fffa9500b21ae2be04f432/execute/sync {'script': '/* isDisplayed */return (function(){return (function(){var g=this||self;\nfunction aa(a){var b=typeof...', 'args': [{'element-6066-11e4-a52e-4f735466cecf': 'f.1E52D1D0BD7258153C7B543F1821D4AF.d.311D334E202B0C4253D9C22A5C9E14E5.e.126'}]} (remote_connection.py:305)
2024-12-04 16:31:35 [   DEBUG] http://localhost:51433 "POST /session/53e12af809fffa9500b21ae2be04f432/execute/sync HTTP/1.1" 200 14 (connectionpool.py:474)
2024-12-04 16:31:35 [   DEBUG] Remote response: status=200 | data={"value":true} | headers=HTTPHeaderDict({'Content-Length': '14', 'Content-Type': 'application/json; charset=utf-8', 'cache-control': 'no-cache'}) (remote_connection.py:334)
2024-12-04 16:31:35 [   DEBUG] Finished Request (remote_connection.py:361)
2024-12-04 16:31:35 [   DEBUG] POST http://localhost:51433/session/53e12af809fffa9500b21ae2be04f432/element {'using': 'xpath', 'value': "(//div[@class='otp-field']/input[@type='tel'])[1]"} (remote_connection.py:305)
2024-12-04 16:31:35 [   DEBUG] http://localhost:51433 "POST /session/53e12af809fffa9500b21ae2be04f432/element HTTP/1.1" 200 127 (connectionpool.py:474)
2024-12-04 16:31:35 [   DEBUG] Remote response: status=200 | data={"value":{"element-6066-11e4-a52e-4f735466cecf":"f.1E52D1D0BD7258153C7B543F1821D4AF.d.311D334E202B0C4253D9C22A5C9E14E5.e.113"}} | headers=HTTPHeaderDict({'Content-Length': '127', 'Content-Type': 'application/json; charset=utf-8', 'cache-control': 'no-cache'}) (remote_connection.py:334)
2024-12-04 16:31:35 [   DEBUG] Finished Request (remote_connection.py:361)
2024-12-04 16:31:35 [   DEBUG] POST http://localhost:51433/session/53e12af809fffa9500b21ae2be04f432/element/f.1E52D1D0BD7258153C7B543F1821D4AF.d.311D334E202B0C4253D9C22A5C9E14E5.e.113/clear {} (remote_connection.py:305)
2024-12-04 16:31:35 [   DEBUG] http://localhost:51433 "POST /session/53e12af809fffa9500b21ae2be04f432/element/f.1E52D1D0BD7258153C7B543F1821D4AF.d.311D334E202B0C4253D9C22A5C9E14E5.e.113/clear HTTP/1.1" 200 14 (connectionpool.py:474)
2024-12-04 16:31:35 [   DEBUG] Remote response: status=200 | data={"value":null} | headers=HTTPHeaderDict({'Content-Length': '14', 'Content-Type': 'application/json; charset=utf-8', 'cache-control': 'no-cache'}) (remote_connection.py:334)
2024-12-04 16:31:35 [   DEBUG] Finished Request (remote_connection.py:361)
2024-12-04 16:31:35 [   DEBUG] POST http://localhost:51433/session/53e12af809fffa9500b21ae2be04f432/element/f.1E52D1D0BD7258153C7B543F1821D4AF.d.311D334E202B0C4253D9C22A5C9E14E5.e.113/value {'text': '1', 'value': ['1']} (remote_connection.py:305)
2024-12-04 16:31:35 [   DEBUG] http://localhost:51433 "POST /session/53e12af809fffa9500b21ae2be04f432/element/f.1E52D1D0BD7258153C7B543F1821D4AF.d.311D334E202B0C4253D9C22A5C9E14E5.e.113/value HTTP/1.1" 200 14 (connectionpool.py:474)
2024-12-04 16:31:35 [   DEBUG] Remote response: status=200 | data={"value":null} | headers=HTTPHeaderDict({'Content-Length': '14', 'Content-Type': 'application/json; charset=utf-8', 'cache-control': 'no-cache'}) (remote_connection.py:334)
2024-12-04 16:31:35 [   DEBUG] Finished Request (remote_connection.py:361)
2024-12-04 16:31:35 [   DEBUG] POST http://localhost:51433/session/53e12af809fffa9500b21ae2be04f432/element {'using': 'xpath', 'value': "(//div[@class='otp-field']/input[@type='tel'])[2]"} (remote_connection.py:305)
2024-12-04 16:31:35 [   DEBUG] http://localhost:51433 "POST /session/53e12af809fffa9500b21ae2be04f432/element HTTP/1.1" 200 127 (connectionpool.py:474)
2024-12-04 16:31:35 [   DEBUG] Remote response: status=200 | data={"value":{"element-6066-11e4-a52e-4f735466cecf":"f.1E52D1D0BD7258153C7B543F1821D4AF.d.311D334E202B0C4253D9C22A5C9E14E5.e.114"}} | headers=HTTPHeaderDict({'Content-Length': '127', 'Content-Type': 'application/json; charset=utf-8', 'cache-control': 'no-cache'}) (remote_connection.py:334)
2024-12-04 16:31:35 [   DEBUG] Finished Request (remote_connection.py:361)
2024-12-04 16:31:35 [   DEBUG] POST http://localhost:51433/session/53e12af809fffa9500b21ae2be04f432/element/f.1E52D1D0BD7258153C7B543F1821D4AF.d.311D334E202B0C4253D9C22A5C9E14E5.e.114/clear {} (remote_connection.py:305)
2024-12-04 16:31:35 [   DEBUG] http://localhost:51433 "POST /session/53e12af809fffa9500b21ae2be04f432/element/f.1E52D1D0BD7258153C7B543F1821D4AF.d.311D334E202B0C4253D9C22A5C9E14E5.e.114/clear HTTP/1.1" 200 14 (connectionpool.py:474)
2024-12-04 16:31:35 [   DEBUG] Remote response: status=200 | data={"value":null} | headers=HTTPHeaderDict({'Content-Length': '14', 'Content-Type': 'application/json; charset=utf-8', 'cache-control': 'no-cache'}) (remote_connection.py:334)
2024-12-04 16:31:35 [   DEBUG] Finished Request (remote_connection.py:361)
2024-12-04 16:31:35 [   DEBUG] POST http://localhost:51433/session/53e12af809fffa9500b21ae2be04f432/element/f.1E52D1D0BD7258153C7B543F1821D4AF.d.311D334E202B0C4253D9C22A5C9E14E5.e.114/value {'text': '1', 'value': ['1']} (remote_connection.py:305)
2024-12-04 16:31:35 [   DEBUG] http://localhost:51433 "POST /session/53e12af809fffa9500b21ae2be04f432/element/f.1E52D1D0BD7258153C7B543F1821D4AF.d.311D334E202B0C4253D9C22A5C9E14E5.e.114/value HTTP/1.1" 200 14 (connectionpool.py:474)
2024-12-04 16:31:35 [   DEBUG] Remote response: status=200 | data={"value":null} | headers=HTTPHeaderDict({'Content-Length': '14', 'Content-Type': 'application/json; charset=utf-8', 'cache-control': 'no-cache'}) (remote_connection.py:334)
2024-12-04 16:31:35 [   DEBUG] Finished Request (remote_connection.py:361)
2024-12-04 16:31:35 [   DEBUG] POST http://localhost:51433/session/53e12af809fffa9500b21ae2be04f432/element {'using': 'xpath', 'value': "(//div[@class='otp-field']/input[@type='tel'])[3]"} (remote_connection.py:305)
2024-12-04 16:31:35 [   DEBUG] http://localhost:51433 "POST /session/53e12af809fffa9500b21ae2be04f432/element HTTP/1.1" 200 127 (connectionpool.py:474)
2024-12-04 16:31:35 [   DEBUG] Remote response: status=200 | data={"value":{"element-6066-11e4-a52e-4f735466cecf":"f.1E52D1D0BD7258153C7B543F1821D4AF.d.311D334E202B0C4253D9C22A5C9E14E5.e.115"}} | headers=HTTPHeaderDict({'Content-Length': '127', 'Content-Type': 'application/json; charset=utf-8', 'cache-control': 'no-cache'}) (remote_connection.py:334)
2024-12-04 16:31:35 [   DEBUG] Finished Request (remote_connection.py:361)
2024-12-04 16:31:35 [   DEBUG] POST http://localhost:51433/session/53e12af809fffa9500b21ae2be04f432/element/f.1E52D1D0BD7258153C7B543F1821D4AF.d.311D334E202B0C4253D9C22A5C9E14E5.e.115/clear {} (remote_connection.py:305)
2024-12-04 16:31:35 [   DEBUG] http://localhost:51433 "POST /session/53e12af809fffa9500b21ae2be04f432/element/f.1E52D1D0BD7258153C7B543F1821D4AF.d.311D334E202B0C4253D9C22A5C9E14E5.e.115/clear HTTP/1.1" 200 14 (connectionpool.py:474)
2024-12-04 16:31:35 [   DEBUG] Remote response: status=200 | data={"value":null} | headers=HTTPHeaderDict({'Content-Length': '14', 'Content-Type': 'application/json; charset=utf-8', 'cache-control': 'no-cache'}) (remote_connection.py:334)
2024-12-04 16:31:35 [   DEBUG] Finished Request (remote_connection.py:361)
2024-12-04 16:31:35 [   DEBUG] POST http://localhost:51433/session/53e12af809fffa9500b21ae2be04f432/element/f.1E52D1D0BD7258153C7B543F1821D4AF.d.311D334E202B0C4253D9C22A5C9E14E5.e.115/value {'text': '0', 'value': ['0']} (remote_connection.py:305)
2024-12-04 16:31:35 [   DEBUG] http://localhost:51433 "POST /session/53e12af809fffa9500b21ae2be04f432/element/f.1E52D1D0BD7258153C7B543F1821D4AF.d.311D334E202B0C4253D9C22A5C9E14E5.e.115/value HTTP/1.1" 200 14 (connectionpool.py:474)
2024-12-04 16:31:35 [   DEBUG] Remote response: status=200 | data={"value":null} | headers=HTTPHeaderDict({'Content-Length': '14', 'Content-Type': 'application/json; charset=utf-8', 'cache-control': 'no-cache'}) (remote_connection.py:334)
2024-12-04 16:31:35 [   DEBUG] Finished Request (remote_connection.py:361)
2024-12-04 16:31:35 [   DEBUG] POST http://localhost:51433/session/53e12af809fffa9500b21ae2be04f432/element {'using': 'xpath', 'value': "(//div[@class='otp-field']/input[@type='tel'])[4]"} (remote_connection.py:305)
2024-12-04 16:31:35 [   DEBUG] http://localhost:51433 "POST /session/53e12af809fffa9500b21ae2be04f432/element HTTP/1.1" 200 127 (connectionpool.py:474)
2024-12-04 16:31:35 [   DEBUG] Remote response: status=200 | data={"value":{"element-6066-11e4-a52e-4f735466cecf":"f.1E52D1D0BD7258153C7B543F1821D4AF.d.311D334E202B0C4253D9C22A5C9E14E5.e.116"}} | headers=HTTPHeaderDict({'Content-Length': '127', 'Content-Type': 'application/json; charset=utf-8', 'cache-control': 'no-cache'}) (remote_connection.py:334)
2024-12-04 16:31:35 [   DEBUG] Finished Request (remote_connection.py:361)
2024-12-04 16:31:35 [   DEBUG] POST http://localhost:51433/session/53e12af809fffa9500b21ae2be04f432/element/f.1E52D1D0BD7258153C7B543F1821D4AF.d.311D334E202B0C4253D9C22A5C9E14E5.e.116/clear {} (remote_connection.py:305)
2024-12-04 16:31:35 [   DEBUG] http://localhost:51433 "POST /session/53e12af809fffa9500b21ae2be04f432/element/f.1E52D1D0BD7258153C7B543F1821D4AF.d.311D334E202B0C4253D9C22A5C9E14E5.e.116/clear HTTP/1.1" 200 14 (connectionpool.py:474)
2024-12-04 16:31:35 [   DEBUG] Remote response: status=200 | data={"value":null} | headers=HTTPHeaderDict({'Content-Length': '14', 'Content-Type': 'application/json; charset=utf-8', 'cache-control': 'no-cache'}) (remote_connection.py:334)
2024-12-04 16:31:35 [   DEBUG] Finished Request (remote_connection.py:361)
2024-12-04 16:31:35 [   DEBUG] POST http://localhost:51433/session/53e12af809fffa9500b21ae2be04f432/element/f.1E52D1D0BD7258153C7B543F1821D4AF.d.311D334E202B0C4253D9C22A5C9E14E5.e.116/value {'text': '3', 'value': ['3']} (remote_connection.py:305)
2024-12-04 16:31:35 [   DEBUG] http://localhost:51433 "POST /session/53e12af809fffa9500b21ae2be04f432/element/f.1E52D1D0BD7258153C7B543F1821D4AF.d.311D334E202B0C4253D9C22A5C9E14E5.e.116/value HTTP/1.1" 200 14 (connectionpool.py:474)
2024-12-04 16:31:35 [   DEBUG] Remote response: status=200 | data={"value":null} | headers=HTTPHeaderDict({'Content-Length': '14', 'Content-Type': 'application/json; charset=utf-8', 'cache-control': 'no-cache'}) (remote_connection.py:334)
2024-12-04 16:31:35 [   DEBUG] Finished Request (remote_connection.py:361)
2024-12-04 16:31:35 [   DEBUG] POST http://localhost:51433/session/53e12af809fffa9500b21ae2be04f432/element {'using': 'xpath', 'value': "(//div[@class='otp-field']/input[@type='tel'])[5]"} (remote_connection.py:305)
2024-12-04 16:31:35 [   DEBUG] http://localhost:51433 "POST /session/53e12af809fffa9500b21ae2be04f432/element HTTP/1.1" 200 127 (connectionpool.py:474)
2024-12-04 16:31:35 [   DEBUG] Remote response: status=200 | data={"value":{"element-6066-11e4-a52e-4f735466cecf":"f.1E52D1D0BD7258153C7B543F1821D4AF.d.311D334E202B0C4253D9C22A5C9E14E5.e.117"}} | headers=HTTPHeaderDict({'Content-Length': '127', 'Content-Type': 'application/json; charset=utf-8', 'cache-control': 'no-cache'}) (remote_connection.py:334)
2024-12-04 16:31:35 [   DEBUG] Finished Request (remote_connection.py:361)
2024-12-04 16:31:35 [   DEBUG] POST http://localhost:51433/session/53e12af809fffa9500b21ae2be04f432/element/f.1E52D1D0BD7258153C7B543F1821D4AF.d.311D334E202B0C4253D9C22A5C9E14E5.e.117/clear {} (remote_connection.py:305)
2024-12-04 16:31:35 [   DEBUG] http://localhost:51433 "POST /session/53e12af809fffa9500b21ae2be04f432/element/f.1E52D1D0BD7258153C7B543F1821D4AF.d.311D334E202B0C4253D9C22A5C9E14E5.e.117/clear HTTP/1.1" 200 14 (connectionpool.py:474)
2024-12-04 16:31:35 [   DEBUG] Remote response: status=200 | data={"value":null} | headers=HTTPHeaderDict({'Content-Length': '14', 'Content-Type': 'application/json; charset=utf-8', 'cache-control': 'no-cache'}) (remote_connection.py:334)
2024-12-04 16:31:35 [   DEBUG] Finished Request (remote_connection.py:361)
2024-12-04 16:31:35 [   DEBUG] POST http://localhost:51433/session/53e12af809fffa9500b21ae2be04f432/element/f.1E52D1D0BD7258153C7B543F1821D4AF.d.311D334E202B0C4253D9C22A5C9E14E5.e.117/value {'text': '2', 'value': ['2']} (remote_connection.py:305)
2024-12-04 16:31:35 [   DEBUG] http://localhost:51433 "POST /session/53e12af809fffa9500b21ae2be04f432/element/f.1E52D1D0BD7258153C7B543F1821D4AF.d.311D334E202B0C4253D9C22A5C9E14E5.e.117/value HTTP/1.1" 200 14 (connectionpool.py:474)
2024-12-04 16:31:35 [   DEBUG] Remote response: status=200 | data={"value":null} | headers=HTTPHeaderDict({'Content-Length': '14', 'Content-Type': 'application/json; charset=utf-8', 'cache-control': 'no-cache'}) (remote_connection.py:334)
2024-12-04 16:31:35 [   DEBUG] Finished Request (remote_connection.py:361)
2024-12-04 16:31:35 [   DEBUG] POST http://localhost:51433/session/53e12af809fffa9500b21ae2be04f432/element {'using': 'xpath', 'value': "(//div[@class='otp-field']/input[@type='tel'])[6]"} (remote_connection.py:305)
2024-12-04 16:31:35 [   DEBUG] http://localhost:51433 "POST /session/53e12af809fffa9500b21ae2be04f432/element HTTP/1.1" 200 127 (connectionpool.py:474)
2024-12-04 16:31:35 [   DEBUG] Remote response: status=200 | data={"value":{"element-6066-11e4-a52e-4f735466cecf":"f.1E52D1D0BD7258153C7B543F1821D4AF.d.311D334E202B0C4253D9C22A5C9E14E5.e.118"}} | headers=HTTPHeaderDict({'Content-Length': '127', 'Content-Type': 'application/json; charset=utf-8', 'cache-control': 'no-cache'}) (remote_connection.py:334)
2024-12-04 16:31:35 [   DEBUG] Finished Request (remote_connection.py:361)
2024-12-04 16:31:35 [   DEBUG] POST http://localhost:51433/session/53e12af809fffa9500b21ae2be04f432/element/f.1E52D1D0BD7258153C7B543F1821D4AF.d.311D334E202B0C4253D9C22A5C9E14E5.e.118/clear {} (remote_connection.py:305)
2024-12-04 16:31:35 [   DEBUG] http://localhost:51433 "POST /session/53e12af809fffa9500b21ae2be04f432/element/f.1E52D1D0BD7258153C7B543F1821D4AF.d.311D334E202B0C4253D9C22A5C9E14E5.e.118/clear HTTP/1.1" 200 14 (connectionpool.py:474)
2024-12-04 16:31:35 [   DEBUG] Remote response: status=200 | data={"value":null} | headers=HTTPHeaderDict({'Content-Length': '14', 'Content-Type': 'application/json; charset=utf-8', 'cache-control': 'no-cache'}) (remote_connection.py:334)
2024-12-04 16:31:35 [   DEBUG] Finished Request (remote_connection.py:361)
2024-12-04 16:31:35 [   DEBUG] POST http://localhost:51433/session/53e12af809fffa9500b21ae2be04f432/element/f.1E52D1D0BD7258153C7B543F1821D4AF.d.311D334E202B0C4253D9C22A5C9E14E5.e.118/value {'text': '3', 'value': ['3']} (remote_connection.py:305)
2024-12-04 16:31:35 [   DEBUG] http://localhost:51433 "POST /session/53e12af809fffa9500b21ae2be04f432/element/f.1E52D1D0BD7258153C7B543F1821D4AF.d.311D334E202B0C4253D9C22A5C9E14E5.e.118/value HTTP/1.1" 200 14 (connectionpool.py:474)
2024-12-04 16:31:35 [   DEBUG] Remote response: status=200 | data={"value":null} | headers=HTTPHeaderDict({'Content-Length': '14', 'Content-Type': 'application/json; charset=utf-8', 'cache-control': 'no-cache'}) (remote_connection.py:334)
2024-12-04 16:31:35 [   DEBUG] Finished Request (remote_connection.py:361)
2024-12-04 16:31:35 [   DEBUG] POST http://localhost:51433/session/53e12af809fffa9500b21ae2be04f432/element {'using': 'xpath', 'value': '//button[@mds-verifyotp-btn-verify]'} (remote_connection.py:305)
2024-12-04 16:31:35 [   DEBUG] http://localhost:51433 "POST /session/53e12af809fffa9500b21ae2be04f432/element HTTP/1.1" 200 127 (connectionpool.py:474)
2024-12-04 16:31:35 [   DEBUG] Remote response: status=200 | data={"value":{"element-6066-11e4-a52e-4f735466cecf":"f.1E52D1D0BD7258153C7B543F1821D4AF.d.311D334E202B0C4253D9C22A5C9E14E5.e.133"}} | headers=HTTPHeaderDict({'Content-Length': '127', 'Content-Type': 'application/json; charset=utf-8', 'cache-control': 'no-cache'}) (remote_connection.py:334)
2024-12-04 16:31:35 [   DEBUG] Finished Request (remote_connection.py:361)
2024-12-04 16:31:35 [   DEBUG] POST http://localhost:51433/session/53e12af809fffa9500b21ae2be04f432/execute/sync {'script': '/* isDisplayed */return (function(){return (function(){var g=this||self;\nfunction aa(a){var b=typeof...', 'args': [{'element-6066-11e4-a52e-4f735466cecf': 'f.1E52D1D0BD7258153C7B543F1821D4AF.d.311D334E202B0C4253D9C22A5C9E14E5.e.133'}]} (remote_connection.py:305)
2024-12-04 16:31:35 [   DEBUG] http://localhost:51433 "POST /session/53e12af809fffa9500b21ae2be04f432/execute/sync HTTP/1.1" 200 14 (connectionpool.py:474)
2024-12-04 16:31:35 [   DEBUG] Remote response: status=200 | data={"value":true} | headers=HTTPHeaderDict({'Content-Length': '14', 'Content-Type': 'application/json; charset=utf-8', 'cache-control': 'no-cache'}) (remote_connection.py:334)
2024-12-04 16:31:35 [   DEBUG] Finished Request (remote_connection.py:361)
2024-12-04 16:31:35 [   DEBUG] POST http://localhost:51433/session/53e12af809fffa9500b21ae2be04f432/element/f.1E52D1D0BD7258153C7B543F1821D4AF.d.311D334E202B0C4253D9C22A5C9E14E5.e.133/click {} (remote_connection.py:305)
2024-12-04 16:31:35 [   DEBUG] http://localhost:51433 "POST /session/53e12af809fffa9500b21ae2be04f432/element/f.1E52D1D0BD7258153C7B543F1821D4AF.d.311D334E202B0C4253D9C22A5C9E14E5.e.133/click HTTP/1.1" 200 14 (connectionpool.py:474)
2024-12-04 16:31:35 [   DEBUG] Remote response: status=200 | data={"value":null} | headers=HTTPHeaderDict({'Content-Length': '14', 'Content-Type': 'application/json; charset=utf-8', 'cache-control': 'no-cache'}) (remote_connection.py:334)
2024-12-04 16:31:35 [   DEBUG] Finished Request (remote_connection.py:361)
2024-12-04 16:31:40 [   DEBUG] Adding providers for fixture 'pytestbdd_stepimpl_then_I verify profile page navigation': [<FixtureDef argname='pytestbdd_stepdef_then_I verify profile page navigation' scope='function' baseid='tests/step_defs/test_mcd_sanity_validations.py'>] (scenario.py:94)
2024-12-04 16:31:45 [   DEBUG] POST http://localhost:51433/session/53e12af809fffa9500b21ae2be04f432/element {'using': 'xpath', 'value': "//div[contains(text(), 'Personal Details')]"} (remote_connection.py:305)
2024-12-04 16:31:45 [   DEBUG] http://localhost:51433 "POST /session/53e12af809fffa9500b21ae2be04f432/element HTTP/1.1" 200 127 (connectionpool.py:474)
2024-12-04 16:31:45 [   DEBUG] Remote response: status=200 | data={"value":{"element-6066-11e4-a52e-4f735466cecf":"f.1E52D1D0BD7258153C7B543F1821D4AF.d.311D334E202B0C4253D9C22A5C9E14E5.e.161"}} | headers=HTTPHeaderDict({'Content-Length': '127', 'Content-Type': 'application/json; charset=utf-8', 'cache-control': 'no-cache'}) (remote_connection.py:334)
2024-12-04 16:31:45 [   DEBUG] Finished Request (remote_connection.py:361)
2024-12-04 16:31:45 [   DEBUG] POST http://localhost:51433/session/53e12af809fffa9500b21ae2be04f432/execute/sync {'script': '/* isDisplayed */return (function(){return (function(){var g=this||self;\nfunction aa(a){var b=typeof...', 'args': [{'element-6066-11e4-a52e-4f735466cecf': 'f.1E52D1D0BD7258153C7B543F1821D4AF.d.311D334E202B0C4253D9C22A5C9E14E5.e.161'}]} (remote_connection.py:305)
2024-12-04 16:31:45 [   DEBUG] http://localhost:51433 "POST /session/53e12af809fffa9500b21ae2be04f432/execute/sync HTTP/1.1" 200 14 (connectionpool.py:474)
2024-12-04 16:31:45 [   DEBUG] Remote response: status=200 | data={"value":true} | headers=HTTPHeaderDict({'Content-Length': '14', 'Content-Type': 'application/json; charset=utf-8', 'cache-control': 'no-cache'}) (remote_connection.py:334)
2024-12-04 16:31:45 [   DEBUG] Finished Request (remote_connection.py:361)
2024-12-04 16:31:45 [   DEBUG] POST http://localhost:51433/session/53e12af809fffa9500b21ae2be04f432/element {'using': 'xpath', 'value': "//div[contains(text(), 'Personal Details')]"} (remote_connection.py:305)
2024-12-04 16:31:45 [   DEBUG] http://localhost:51433 "POST /session/53e12af809fffa9500b21ae2be04f432/element HTTP/1.1" 200 127 (connectionpool.py:474)
2024-12-04 16:31:45 [   DEBUG] Remote response: status=200 | data={"value":{"element-6066-11e4-a52e-4f735466cecf":"f.1E52D1D0BD7258153C7B543F1821D4AF.d.311D334E202B0C4253D9C22A5C9E14E5.e.161"}} | headers=HTTPHeaderDict({'Content-Length': '127', 'Content-Type': 'application/json; charset=utf-8', 'cache-control': 'no-cache'}) (remote_connection.py:334)
2024-12-04 16:31:45 [   DEBUG] Finished Request (remote_connection.py:361)
2024-12-04 16:31:45 [   DEBUG] POST http://localhost:51433/session/53e12af809fffa9500b21ae2be04f432/execute/sync {'script': '/* isDisplayed */return (function(){return (function(){var g=this||self;\nfunction aa(a){var b=typeof...', 'args': [{'element-6066-11e4-a52e-4f735466cecf': 'f.1E52D1D0BD7258153C7B543F1821D4AF.d.311D334E202B0C4253D9C22A5C9E14E5.e.161'}]} (remote_connection.py:305)
2024-12-04 16:31:45 [   DEBUG] http://localhost:51433 "POST /session/53e12af809fffa9500b21ae2be04f432/execute/sync HTTP/1.1" 200 14 (connectionpool.py:474)
2024-12-04 16:31:45 [   DEBUG] Remote response: status=200 | data={"value":true} | headers=HTTPHeaderDict({'Content-Length': '14', 'Content-Type': 'application/json; charset=utf-8', 'cache-control': 'no-cache'}) (remote_connection.py:334)
2024-12-04 16:31:45 [   DEBUG] Finished Request (remote_connection.py:361)
2024-12-04 16:31:45 [   DEBUG] Adding providers for fixture 'pytestbdd_stepimpl_then_I verify profile page is incomplete': [<FixtureDef argname='pytestbdd_stepdef_then_I verify profile page is incomplete' scope='function' baseid='tests/step_defs/test_mcd_sanity_validations.py'>] (scenario.py:94)
2024-12-04 16:31:45 [   DEBUG] POST http://localhost:51433/session/53e12af809fffa9500b21ae2be04f432/element {'using': 'xpath', 'value': "//input[@placeholder='Enter your full name here']"} (remote_connection.py:305)
2024-12-04 16:31:45 [   DEBUG] http://localhost:51433 "POST /session/53e12af809fffa9500b21ae2be04f432/element HTTP/1.1" 200 127 (connectionpool.py:474)
2024-12-04 16:31:45 [   DEBUG] Remote response: status=200 | data={"value":{"element-6066-11e4-a52e-4f735466cecf":"f.1E52D1D0BD7258153C7B543F1821D4AF.d.311D334E202B0C4253D9C22A5C9E14E5.e.144"}} | headers=HTTPHeaderDict({'Content-Length': '127', 'Content-Type': 'application/json; charset=utf-8', 'cache-control': 'no-cache'}) (remote_connection.py:334)
2024-12-04 16:31:45 [   DEBUG] Finished Request (remote_connection.py:361)
2024-12-04 16:31:45 [   DEBUG] POST http://localhost:51433/session/53e12af809fffa9500b21ae2be04f432/execute/sync {'script': '/* getAttribute */return (function(){return (function(){var d=this||self;function f(a,b){function c(...', 'args': [{'element-6066-11e4-a52e-4f735466cecf': 'f.1E52D1D0BD7258153C7B543F1821D4AF.d.311D334E202B0C4253D9C22A5C9E14E5.e.144'}, 'value']} (remote_connection.py:305)
2024-12-04 16:31:45 [   DEBUG] http://localhost:51433 "POST /session/53e12af809fffa9500b21ae2be04f432/execute/sync HTTP/1.1" 200 18 (connectionpool.py:474)
2024-12-04 16:31:45 [   DEBUG] Remote response: status=200 | data={"value":"User01"} | headers=HTTPHeaderDict({'Content-Length': '18', 'Content-Type': 'application/json; charset=utf-8', 'cache-control': 'no-cache'}) (remote_connection.py:334)
2024-12-04 16:31:45 [   DEBUG] Finished Request (remote_connection.py:361)
2024-12-04 16:31:45 [   DEBUG] POST http://localhost:51433/session/53e12af809fffa9500b21ae2be04f432/element {'using': 'xpath', 'value': '//input[@mds-profile-edit-input-mblno]'} (remote_connection.py:305)
2024-12-04 16:31:45 [   DEBUG] http://localhost:51433 "POST /session/53e12af809fffa9500b21ae2be04f432/element HTTP/1.1" 200 127 (connectionpool.py:474)
2024-12-04 16:31:45 [   DEBUG] Remote response: status=200 | data={"value":{"element-6066-11e4-a52e-4f735466cecf":"f.1E52D1D0BD7258153C7B543F1821D4AF.d.311D334E202B0C4253D9C22A5C9E14E5.e.145"}} | headers=HTTPHeaderDict({'Content-Length': '127', 'Content-Type': 'application/json; charset=utf-8', 'cache-control': 'no-cache'}) (remote_connection.py:334)
2024-12-04 16:31:45 [   DEBUG] Finished Request (remote_connection.py:361)
2024-12-04 16:31:45 [   DEBUG] POST http://localhost:51433/session/53e12af809fffa9500b21ae2be04f432/execute/sync {'script': '/* getAttribute */return (function(){return (function(){var d=this||self;function f(a,b){function c(...', 'args': [{'element-6066-11e4-a52e-4f735466cecf': 'f.1E52D1D0BD7258153C7B543F1821D4AF.d.311D334E202B0C4253D9C22A5C9E14E5.e.145'}, 'value']} (remote_connection.py:305)
2024-12-04 16:31:45 [   DEBUG] http://localhost:51433 "POST /session/53e12af809fffa9500b21ae2be04f432/execute/sync HTTP/1.1" 200 22 (connectionpool.py:474)
2024-12-04 16:31:45 [   DEBUG] Remote response: status=200 | data={"value":"7777777777"} | headers=HTTPHeaderDict({'Content-Length': '22', 'Content-Type': 'application/json; charset=utf-8', 'cache-control': 'no-cache'}) (remote_connection.py:334)
2024-12-04 16:31:45 [   DEBUG] Finished Request (remote_connection.py:361)
2024-12-04 16:31:45 [   DEBUG] POST http://localhost:51433/session/53e12af809fffa9500b21ae2be04f432/element {'using': 'xpath', 'value': "//input[@placeholder='Enter Your Email ID here']"} (remote_connection.py:305)
2024-12-04 16:31:45 [   DEBUG] http://localhost:51433 "POST /session/53e12af809fffa9500b21ae2be04f432/element HTTP/1.1" 200 127 (connectionpool.py:474)
2024-12-04 16:31:45 [   DEBUG] Remote response: status=200 | data={"value":{"element-6066-11e4-a52e-4f735466cecf":"f.1E52D1D0BD7258153C7B543F1821D4AF.d.311D334E202B0C4253D9C22A5C9E14E5.e.146"}} | headers=HTTPHeaderDict({'Content-Length': '127', 'Content-Type': 'application/json; charset=utf-8', 'cache-control': 'no-cache'}) (remote_connection.py:334)
2024-12-04 16:31:45 [   DEBUG] Finished Request (remote_connection.py:361)
2024-12-04 16:31:45 [   DEBUG] POST http://localhost:51433/session/53e12af809fffa9500b21ae2be04f432/execute/sync {'script': '/* getAttribute */return (function(){return (function(){var d=this||self;function f(a,b){function c(...', 'args': [{'element-6066-11e4-a52e-4f735466cecf': 'f.1E52D1D0BD7258153C7B543F1821D4AF.d.311D334E202B0C4253D9C22A5C9E14E5.e.146'}, 'value']} (remote_connection.py:305)
2024-12-04 16:31:45 [   DEBUG] http://localhost:51433 "POST /session/53e12af809fffa9500b21ae2be04f432/execute/sync HTTP/1.1" 200 28 (connectionpool.py:474)
2024-12-04 16:31:45 [   DEBUG] Remote response: status=200 | data={"value":"user01@gmail.com"} | headers=HTTPHeaderDict({'Content-Length': '28', 'Content-Type': 'application/json; charset=utf-8', 'cache-control': 'no-cache'}) (remote_connection.py:334)
2024-12-04 16:31:45 [   DEBUG] Finished Request (remote_connection.py:361)
2024-12-04 16:31:45 [   DEBUG] POST http://localhost:51433/session/53e12af809fffa9500b21ae2be04f432/element {'using': 'xpath', 'value': "//input[@placeholder='Click here to select']"} (remote_connection.py:305)
2024-12-04 16:31:45 [   DEBUG] http://localhost:51433 "POST /session/53e12af809fffa9500b21ae2be04f432/element HTTP/1.1" 200 127 (connectionpool.py:474)
2024-12-04 16:31:45 [   DEBUG] Remote response: status=200 | data={"value":{"element-6066-11e4-a52e-4f735466cecf":"f.1E52D1D0BD7258153C7B543F1821D4AF.d.311D334E202B0C4253D9C22A5C9E14E5.e.147"}} | headers=HTTPHeaderDict({'Content-Length': '127', 'Content-Type': 'application/json; charset=utf-8', 'cache-control': 'no-cache'}) (remote_connection.py:334)
2024-12-04 16:31:45 [   DEBUG] Finished Request (remote_connection.py:361)
2024-12-04 16:31:45 [   DEBUG] POST http://localhost:51433/session/53e12af809fffa9500b21ae2be04f432/execute/sync {'script': '/* getAttribute */return (function(){return (function(){var d=this||self;function f(a,b){function c(...', 'args': [{'element-6066-11e4-a52e-4f735466cecf': 'f.1E52D1D0BD7258153C7B543F1821D4AF.d.311D334E202B0C4253D9C22A5C9E14E5.e.147'}, 'value']} (remote_connection.py:305)
2024-12-04 16:31:45 [   DEBUG] http://localhost:51433 "POST /session/53e12af809fffa9500b21ae2be04f432/execute/sync HTTP/1.1" 200 12 (connectionpool.py:474)
2024-12-04 16:31:45 [   DEBUG] Remote response: status=200 | data={"value":""} | headers=HTTPHeaderDict({'Content-Length': '12', 'Content-Type': 'application/json; charset=utf-8', 'cache-control': 'no-cache'}) (remote_connection.py:334)
2024-12-04 16:31:45 [   DEBUG] Finished Request (remote_connection.py:361)
2024-12-04 16:31:45 [   DEBUG] Adding providers for fixture 'pytestbdd_stepimpl_when_I add the profile details': [<FixtureDef argname='pytestbdd_stepdef_when_I add the profile details' scope='function' baseid='tests/step_defs/test_mcd_sanity_validations.py'>] (scenario.py:94)
2024-12-04 16:31:45 [   DEBUG] POST http://localhost:51433/session/53e12af809fffa9500b21ae2be04f432/element {'using': 'xpath', 'value': "//input[@placeholder='Enter your full name here']"} (remote_connection.py:305)
2024-12-04 16:31:45 [   DEBUG] http://localhost:51433 "POST /session/53e12af809fffa9500b21ae2be04f432/element HTTP/1.1" 200 127 (connectionpool.py:474)
2024-12-04 16:31:45 [   DEBUG] Remote response: status=200 | data={"value":{"element-6066-11e4-a52e-4f735466cecf":"f.1E52D1D0BD7258153C7B543F1821D4AF.d.311D334E202B0C4253D9C22A5C9E14E5.e.144"}} | headers=HTTPHeaderDict({'Content-Length': '127', 'Content-Type': 'application/json; charset=utf-8', 'cache-control': 'no-cache'}) (remote_connection.py:334)
2024-12-04 16:31:45 [   DEBUG] Finished Request (remote_connection.py:361)
2024-12-04 16:31:45 [   DEBUG] POST http://localhost:51433/session/53e12af809fffa9500b21ae2be04f432/element/f.1E52D1D0BD7258153C7B543F1821D4AF.d.311D334E202B0C4253D9C22A5C9E14E5.e.144/clear {} (remote_connection.py:305)
2024-12-04 16:31:45 [   DEBUG] http://localhost:51433 "POST /session/53e12af809fffa9500b21ae2be04f432/element/f.1E52D1D0BD7258153C7B543F1821D4AF.d.311D334E202B0C4253D9C22A5C9E14E5.e.144/clear HTTP/1.1" 200 14 (connectionpool.py:474)
2024-12-04 16:31:45 [   DEBUG] Remote response: status=200 | data={"value":null} | headers=HTTPHeaderDict({'Content-Length': '14', 'Content-Type': 'application/json; charset=utf-8', 'cache-control': 'no-cache'}) (remote_connection.py:334)
2024-12-04 16:31:45 [   DEBUG] Finished Request (remote_connection.py:361)
2024-12-04 16:31:45 [   DEBUG] POST http://localhost:51433/session/53e12af809fffa9500b21ae2be04f432/element/f.1E52D1D0BD7258153C7B543F1821D4AF.d.311D334E202B0C4253D9C22A5C9E14E5.e.144/value {'text': 'User01', 'value': ['U', 's', 'e', 'r', '0', '1']} (remote_connection.py:305)
2024-12-04 16:31:45 [   DEBUG] http://localhost:51433 "POST /session/53e12af809fffa9500b21ae2be04f432/element/f.1E52D1D0BD7258153C7B543F1821D4AF.d.311D334E202B0C4253D9C22A5C9E14E5.e.144/value HTTP/1.1" 200 14 (connectionpool.py:474)
2024-12-04 16:31:45 [   DEBUG] Remote response: status=200 | data={"value":null} | headers=HTTPHeaderDict({'Content-Length': '14', 'Content-Type': 'application/json; charset=utf-8', 'cache-control': 'no-cache'}) (remote_connection.py:334)
2024-12-04 16:31:45 [   DEBUG] Finished Request (remote_connection.py:361)
2024-12-04 16:31:45 [   DEBUG] POST http://localhost:51433/session/53e12af809fffa9500b21ae2be04f432/element {'using': 'xpath', 'value': "//input[@placeholder='Enter Your Email ID here']"} (remote_connection.py:305)
2024-12-04 16:31:45 [   DEBUG] http://localhost:51433 "POST /session/53e12af809fffa9500b21ae2be04f432/element HTTP/1.1" 200 127 (connectionpool.py:474)
2024-12-04 16:31:45 [   DEBUG] Remote response: status=200 | data={"value":{"element-6066-11e4-a52e-4f735466cecf":"f.1E52D1D0BD7258153C7B543F1821D4AF.d.311D334E202B0C4253D9C22A5C9E14E5.e.146"}} | headers=HTTPHeaderDict({'Content-Length': '127', 'Content-Type': 'application/json; charset=utf-8', 'cache-control': 'no-cache'}) (remote_connection.py:334)
2024-12-04 16:31:45 [   DEBUG] Finished Request (remote_connection.py:361)
2024-12-04 16:31:45 [   DEBUG] POST http://localhost:51433/session/53e12af809fffa9500b21ae2be04f432/element/f.1E52D1D0BD7258153C7B543F1821D4AF.d.311D334E202B0C4253D9C22A5C9E14E5.e.146/clear {} (remote_connection.py:305)
2024-12-04 16:31:45 [   DEBUG] http://localhost:51433 "POST /session/53e12af809fffa9500b21ae2be04f432/element/f.1E52D1D0BD7258153C7B543F1821D4AF.d.311D334E202B0C4253D9C22A5C9E14E5.e.146/clear HTTP/1.1" 200 14 (connectionpool.py:474)
2024-12-04 16:31:45 [   DEBUG] Remote response: status=200 | data={"value":null} | headers=HTTPHeaderDict({'Content-Length': '14', 'Content-Type': 'application/json; charset=utf-8', 'cache-control': 'no-cache'}) (remote_connection.py:334)
2024-12-04 16:31:45 [   DEBUG] Finished Request (remote_connection.py:361)
2024-12-04 16:31:45 [   DEBUG] POST http://localhost:51433/session/53e12af809fffa9500b21ae2be04f432/element/f.1E52D1D0BD7258153C7B543F1821D4AF.d.311D334E202B0C4253D9C22A5C9E14E5.e.146/value {'text': 'user01@gmail.com', 'value': ['u', 's', 'e', 'r', '0', '1', '@', 'g', 'm', 'a', 'i', 'l', '.', 'c', 'o', 'm']} (remote_connection.py:305)
2024-12-04 16:31:45 [   DEBUG] http://localhost:51433 "POST /session/53e12af809fffa9500b21ae2be04f432/element/f.1E52D1D0BD7258153C7B543F1821D4AF.d.311D334E202B0C4253D9C22A5C9E14E5.e.146/value HTTP/1.1" 200 14 (connectionpool.py:474)
2024-12-04 16:31:45 [   DEBUG] Remote response: status=200 | data={"value":null} | headers=HTTPHeaderDict({'Content-Length': '14', 'Content-Type': 'application/json; charset=utf-8', 'cache-control': 'no-cache'}) (remote_connection.py:334)
2024-12-04 16:31:45 [   DEBUG] Finished Request (remote_connection.py:361)
2024-12-04 16:31:55 [   DEBUG] POST http://localhost:51433/session/53e12af809fffa9500b21ae2be04f432/element {'using': 'xpath', 'value': "//button[contains(text(), 'Save Changes')]"} (remote_connection.py:305)
2024-12-04 16:31:55 [   DEBUG] http://localhost:51433 "POST /session/53e12af809fffa9500b21ae2be04f432/element HTTP/1.1" 200 127 (connectionpool.py:474)
2024-12-04 16:31:55 [   DEBUG] Remote response: status=200 | data={"value":{"element-6066-11e4-a52e-4f735466cecf":"f.1E52D1D0BD7258153C7B543F1821D4AF.d.311D334E202B0C4253D9C22A5C9E14E5.e.171"}} | headers=HTTPHeaderDict({'Content-Length': '127', 'Content-Type': 'application/json; charset=utf-8', 'cache-control': 'no-cache'}) (remote_connection.py:334)
2024-12-04 16:31:55 [   DEBUG] Finished Request (remote_connection.py:361)
2024-12-04 16:31:55 [   DEBUG] POST http://localhost:51433/session/53e12af809fffa9500b21ae2be04f432/execute/sync {'script': '/* isDisplayed */return (function(){return (function(){var g=this||self;\nfunction aa(a){var b=typeof...', 'args': [{'element-6066-11e4-a52e-4f735466cecf': 'f.1E52D1D0BD7258153C7B543F1821D4AF.d.311D334E202B0C4253D9C22A5C9E14E5.e.171'}]} (remote_connection.py:305)
2024-12-04 16:31:55 [   DEBUG] http://localhost:51433 "POST /session/53e12af809fffa9500b21ae2be04f432/execute/sync HTTP/1.1" 200 14 (connectionpool.py:474)
2024-12-04 16:31:55 [   DEBUG] Remote response: status=200 | data={"value":true} | headers=HTTPHeaderDict({'Content-Length': '14', 'Content-Type': 'application/json; charset=utf-8', 'cache-control': 'no-cache'}) (remote_connection.py:334)
2024-12-04 16:31:55 [   DEBUG] Finished Request (remote_connection.py:361)
2024-12-04 16:31:55 [   DEBUG] POST http://localhost:51433/session/53e12af809fffa9500b21ae2be04f432/element/f.1E52D1D0BD7258153C7B543F1821D4AF.d.311D334E202B0C4253D9C22A5C9E14E5.e.171/click {} (remote_connection.py:305)
2024-12-04 16:31:55 [   DEBUG] http://localhost:51433 "POST /session/53e12af809fffa9500b21ae2be04f432/element/f.1E52D1D0BD7258153C7B543F1821D4AF.d.311D334E202B0C4253D9C22A5C9E14E5.e.171/click HTTP/1.1" 200 14 (connectionpool.py:474)
2024-12-04 16:31:55 [   DEBUG] Remote response: status=200 | data={"value":null} | headers=HTTPHeaderDict({'Content-Length': '14', 'Content-Type': 'application/json; charset=utf-8', 'cache-control': 'no-cache'}) (remote_connection.py:334)
2024-12-04 16:31:55 [   DEBUG] Finished Request (remote_connection.py:361)
2024-12-04 16:31:55 [   DEBUG] Adding providers for fixture 'pytestbdd_stepimpl_then_I verify home page navigation': [<FixtureDef argname='pytestbdd_stepdef_then_I verify home page navigation' scope='function' baseid='tests/step_defs/test_mcd_sanity_validations.py'>] (scenario.py:94)
2024-12-04 16:32:00 [   DEBUG] POST http://localhost:51433/session/53e12af809fffa9500b21ae2be04f432/element {'using': 'xpath', 'value': "//ion-header[@role='banner']"} (remote_connection.py:305)
2024-12-04 16:32:00 [   DEBUG] http://localhost:51433 "POST /session/53e12af809fffa9500b21ae2be04f432/element HTTP/1.1" 200 126 (connectionpool.py:474)
2024-12-04 16:32:00 [   DEBUG] Remote response: status=200 | data={"value":{"element-6066-11e4-a52e-4f735466cecf":"f.1E52D1D0BD7258153C7B543F1821D4AF.d.311D334E202B0C4253D9C22A5C9E14E5.e.63"}} | headers=HTTPHeaderDict({'Content-Length': '126', 'Content-Type': 'application/json; charset=utf-8', 'cache-control': 'no-cache'}) (remote_connection.py:334)
2024-12-04 16:32:00 [   DEBUG] Finished Request (remote_connection.py:361)
2024-12-04 16:32:00 [   DEBUG] POST http://localhost:51433/session/53e12af809fffa9500b21ae2be04f432/execute/sync {'script': '/* isDisplayed */return (function(){return (function(){var g=this||self;\nfunction aa(a){var b=typeof...', 'args': [{'element-6066-11e4-a52e-4f735466cecf': 'f.1E52D1D0BD7258153C7B543F1821D4AF.d.311D334E202B0C4253D9C22A5C9E14E5.e.63'}]} (remote_connection.py:305)
2024-12-04 16:32:00 [   DEBUG] http://localhost:51433 "POST /session/53e12af809fffa9500b21ae2be04f432/execute/sync HTTP/1.1" 200 14 (connectionpool.py:474)
2024-12-04 16:32:00 [   DEBUG] Remote response: status=200 | data={"value":true} | headers=HTTPHeaderDict({'Content-Length': '14', 'Content-Type': 'application/json; charset=utf-8', 'cache-control': 'no-cache'}) (remote_connection.py:334)
2024-12-04 16:32:00 [   DEBUG] Finished Request (remote_connection.py:361)
2024-12-04 16:32:00 [   DEBUG] POST http://localhost:51433/session/53e12af809fffa9500b21ae2be04f432/element {'using': 'xpath', 'value': "//ion-header[@role='banner']"} (remote_connection.py:305)
2024-12-04 16:32:00 [   DEBUG] http://localhost:51433 "POST /session/53e12af809fffa9500b21ae2be04f432/element HTTP/1.1" 200 126 (connectionpool.py:474)
2024-12-04 16:32:00 [   DEBUG] Remote response: status=200 | data={"value":{"element-6066-11e4-a52e-4f735466cecf":"f.1E52D1D0BD7258153C7B543F1821D4AF.d.311D334E202B0C4253D9C22A5C9E14E5.e.63"}} | headers=HTTPHeaderDict({'Content-Length': '126', 'Content-Type': 'application/json; charset=utf-8', 'cache-control': 'no-cache'}) (remote_connection.py:334)
2024-12-04 16:32:00 [   DEBUG] Finished Request (remote_connection.py:361)
2024-12-04 16:32:00 [   DEBUG] POST http://localhost:51433/session/53e12af809fffa9500b21ae2be04f432/execute/sync {'script': '/* isDisplayed */return (function(){return (function(){var g=this||self;\nfunction aa(a){var b=typeof...', 'args': [{'element-6066-11e4-a52e-4f735466cecf': 'f.1E52D1D0BD7258153C7B543F1821D4AF.d.311D334E202B0C4253D9C22A5C9E14E5.e.63'}]} (remote_connection.py:305)
2024-12-04 16:32:00 [   DEBUG] http://localhost:51433 "POST /session/53e12af809fffa9500b21ae2be04f432/execute/sync HTTP/1.1" 200 14 (connectionpool.py:474)
2024-12-04 16:32:00 [   DEBUG] Remote response: status=200 | data={"value":true} | headers=HTTPHeaderDict({'Content-Length': '14', 'Content-Type': 'application/json; charset=utf-8', 'cache-control': 'no-cache'}) (remote_connection.py:334)
2024-12-04 16:32:00 [   DEBUG] Finished Request (remote_connection.py:361)
2024-12-04 16:32:00 [   DEBUG] DELETE http://localhost:51433/session/53e12af809fffa9500b21ae2be04f432 {} (remote_connection.py:305)
2024-12-04 16:32:00 [   DEBUG] http://localhost:51433 "DELETE /session/53e12af809fffa9500b21ae2be04f432 HTTP/1.1" 200 14 (connectionpool.py:474)
2024-12-04 16:32:00 [   DEBUG] Remote response: status=200 | data={"value":null} | headers=HTTPHeaderDict({'Content-Length': '14', 'Content-Type': 'application/json; charset=utf-8', 'cache-control': 'no-cache'}) (remote_connection.py:334)
2024-12-04 16:32:00 [   DEBUG] Finished Request (remote_connection.py:361)
